---
source: adaptive_cards_renderer/tests/snapshot_tests.rs
expression: card
input_file: adaptive_cards_renderer/tests/snapshot_inputs/padding.card.json
---
{
  "$schema": "../../../../adaptive_cards_data/schema/adaptive-card.schema.json",
  "body": [
    {
      "type": "TextBlock",
      "text": "Blah Blah",
      "wrap": true,
      ".layout": {
        "rect": {
          "x": 16,
          "y": 16,
          "width": 268,
          "height": 18
        },
        "placement": "Top"
      }
    },
    {
      "type": "Container",
      "items": [
        {
          "type": "TextBlock",
          "text": "Blah Blah",
          "wrap": true,
          ".layout": {
            "rect": {
              "x": 33,
              "y": 63,
              "width": 234,
              "height": 18
            },
            "placement": "Top"
          }
        },
        {
          "type": "TextBlock",
          "text": "Blah Blah",
          "wrap": true,
          ".layout": {
            "rect": {
              "x": 33,
              "y": 93,
              "width": 234,
              "height": 18
            },
            "placement": "Bottom"
          }
        }
      ],
      "style": "good",
      ".layout": {
        "rect": {
          "x": 16,
          "y": 46,
          "width": 268,
          "height": 82
        },
        "placement": "WithinVertical"
      }
    },
    {
      "type": "Container",
      "items": [
        {
          "type": "TextBlock",
          "text": "Blah Blah",
          "wrap": true,
          ".layout": {
            "rect": {
              "x": 16,
              "y": 140,
              "width": 268,
              "height": 18
            },
            "placement": "Top"
          }
        },
        {
          "type": "TextBlock",
          "text": "Blah Blah",
          "wrap": true,
          ".layout": {
            "rect": {
              "x": 16,
              "y": 170,
              "width": 268,
              "height": 18
            },
            "placement": "Bottom"
          }
        }
      ],
      ".layout": {
        "rect": {
          "x": 16,
          "y": 140,
          "width": 268,
          "height": 48
        },
        "placement": "WithinVertical"
      }
    },
    {
      "type": "ColumnSet",
      "columns": [
        {
          "items": [
            {
              "type": "TextBlock",
              "text": "Blah Blah",
              "wrap": true,
              ".layout": {
                "rect": {
                  "x": 16,
                  "y": 200,
                  "width": 128,
                  "height": 18
                },
                "placement": "SoleVertical"
              }
            }
          ],
          "width": {
            "BlockElementWidth": "stretch"
          },
          "type": "Column",
          ".layout": {
            "rect": {
              "x": 16,
              "y": 200,
              "width": 128,
              "height": 18
            },
            "placement": "Left"
          }
        },
        {
          "items": [
            {
              "type": "TextBlock",
              "text": "Blah Blah",
              "wrap": true,
              ".layout": {
                "rect": {
                  "x": 156,
                  "y": 200,
                  "width": 128,
                  "height": 18
                },
                "placement": "SoleVertical"
              }
            }
          ],
          "width": {
            "BlockElementWidth": "stretch"
          },
          "type": "Column",
          ".layout": {
            "rect": {
              "x": 156,
              "y": 200,
              "width": 128,
              "height": 18
            },
            "placement": "Right"
          }
        }
      ],
      ".layout": {
        "rect": {
          "x": 16,
          "y": 200,
          "width": 268,
          "height": 18
        },
        "placement": "WithinVertical"
      }
    },
    {
      "type": "ColumnSet",
      "columns": [
        {
          "items": [
            {
              "type": "TextBlock",
              "text": "Blah Blah",
              "wrap": true,
              ".layout": {
                "rect": {
                  "x": 33,
                  "y": 247,
                  "width": 111,
                  "height": 18
                },
                "placement": "SoleVertical"
              }
            }
          ],
          "width": {
            "BlockElementWidth": "stretch"
          },
          "type": "Column",
          ".layout": {
            "rect": {
              "x": 33,
              "y": 247,
              "width": 111,
              "height": 18
            },
            "placement": "Left"
          }
        },
        {
          "items": [
            {
              "type": "TextBlock",
              "text": "Blah Blah",
              "wrap": true,
              ".layout": {
                "rect": {
                  "x": 156,
                  "y": 247,
                  "width": 111,
                  "height": 18
                },
                "placement": "SoleVertical"
              }
            }
          ],
          "width": {
            "BlockElementWidth": "stretch"
          },
          "type": "Column",
          ".layout": {
            "rect": {
              "x": 156,
              "y": 247,
              "width": 111,
              "height": 18
            },
            "placement": "Right"
          }
        }
      ],
      "style": "good",
      ".layout": {
        "rect": {
          "x": 16,
          "y": 230,
          "width": 268,
          "height": 52
        },
        "placement": "WithinVertical"
      }
    },
    {
      "type": "ColumnSet",
      "columns": [
        {
          "items": [
            {
              "type": "TextBlock",
              "text": "Blah Blah",
              "wrap": true,
              ".layout": {
                "rect": {
                  "x": 16,
                  "y": 294,
                  "width": 128,
                  "height": 18
                },
                "placement": "SoleVertical"
              }
            }
          ],
          "width": {
            "BlockElementWidth": "stretch"
          },
          "type": "Column",
          ".layout": {
            "rect": {
              "x": 16,
              "y": 294,
              "width": 128,
              "height": 52
            },
            "placement": "Left"
          }
        },
        {
          "items": [
            {
              "type": "TextBlock",
              "text": "Blah Blah",
              "wrap": true,
              ".layout": {
                "rect": {
                  "x": 173,
                  "y": 311,
                  "width": 94,
                  "height": 18
                },
                "placement": "SoleVertical"
              }
            }
          ],
          "style": "good",
          "width": {
            "BlockElementWidth": "stretch"
          },
          "type": "Column",
          ".layout": {
            "rect": {
              "x": 156,
              "y": 294,
              "width": 128,
              "height": 52
            },
            "placement": "Right"
          }
        }
      ],
      ".layout": {
        "rect": {
          "x": 16,
          "y": 294,
          "width": 268,
          "height": 52
        },
        "placement": "Bottom"
      }
    }
  ],
  "version": "1.5",
  "type": "AdaptiveCard",
  ".layout": {
    "rect": {
      "x": 0,
      "y": 0,
      "width": 300,
      "height": 400
    }
  }
}
