---
source: adaptive_cards_renderer/tests/snapshot_tests.rs
expression: card
input_file: adaptive_cards_renderer/tests/snapshot_inputs/container_mixed_heights.card.json
---
{
  "$schema": "../../../../adaptive_cards_data/schema/adaptive-card.schema.json",
  "body": [
    {
      "type": "Container",
      "items": [
        {
          "type": "TextBlock",
          "text": "1",
          ".layout": {
            "rect": {
              "x": 33,
              "y": 33,
              "width": 84,
              "height": 18
            },
            "placement": "SoleVertical"
          }
        }
      ],
      "style": "accent",
      ".layout": {
        "rect": {
          "x": 16,
          "y": 16,
          "width": 118,
          "height": 52
        },
        "placement": "Top"
      }
    },
    {
      "type": "Container",
      "height": "stretch",
      "items": [
        {
          "type": "TextBlock",
          "text": "2",
          ".layout": {
            "rect": {
              "x": 33,
              "y": 97,
              "width": 84,
              "height": 18
            },
            "placement": "SoleVertical"
          }
        }
      ],
      "style": "accent",
      ".layout": {
        "rect": {
          "x": 16,
          "y": 80,
          "width": 118,
          "height": 123
        },
        "placement": "WithinVertical"
      }
    },
    {
      "type": "Container",
      "height": "stretch",
      "items": [
        {
          "type": "TextBlock",
          "text": "3",
          ".layout": {
            "rect": {
              "x": 33,
              "y": 232,
              "width": 84,
              "height": 18
            },
            "placement": "SoleVertical"
          }
        }
      ],
      "style": "accent",
      ".layout": {
        "rect": {
          "x": 16,
          "y": 215,
          "width": 118,
          "height": 122
        },
        "placement": "WithinVertical"
      }
    },
    {
      "type": "Container",
      "height": "stretch",
      "items": [
        {
          "type": "TextBlock",
          "text": "4",
          ".layout": {
            "rect": {
              "x": 33,
              "y": 366,
              "width": 84,
              "height": 18
            },
            "placement": "SoleVertical"
          }
        }
      ],
      "minHeight": "300px",
      "style": "accent",
      ".layout": {
        "rect": {
          "x": 16,
          "y": 349,
          "width": 118,
          "height": 371
        },
        "placement": "WithinVertical"
      }
    },
    {
      "type": "Container",
      "items": [
        {
          "type": "TextBlock",
          "text": "5",
          ".layout": {
            "rect": {
              "x": 33,
              "y": 749,
              "width": 84,
              "height": 18
            },
            "placement": "SoleVertical"
          }
        }
      ],
      "style": "accent",
      ".layout": {
        "rect": {
          "x": 16,
          "y": 732,
          "width": 118,
          "height": 52
        },
        "placement": "Bottom"
      }
    }
  ],
  "version": "1.5",
  "type": "AdaptiveCard",
  ".layout": {
    "rect": {
      "x": 0,
      "y": 0,
      "width": 150,
      "height": 800
    }
  }
}
