---
source: adaptive_cards_renderer/tests/snapshot_tests.rs
expression: snapshot
input_file: adaptive_cards_renderer/tests/snapshot_inputs/table_no_header.card.json
---
{
  "card": {
    "$schema": "../../../../adaptive_cards_data/schema/adaptive-card.schema.json",
    "body": [
      {
        "type": "Table",
        "rows": [
          {
            "cells": [
              {
                "items": [
                  {
                    "type": "TextBlock",
                    "text": "A",
                    ".layout": {
                      "rect": {
                        "x": 25,
                        "y": 25,
                        "width": 42,
                        "height": 18
                      },
                      "placement": "SoleVertical"
                    }
                  }
                ],
                "type": "TableCell",
                ".layout": {
                  "rect": {
                    "x": 17,
                    "y": 17,
                    "width": 58,
                    "height": 34
                  },
                  "placement": "Left"
                }
              },
              {
                "items": [
                  {
                    "type": "TextBlock",
                    "text": "B",
                    ".layout": {
                      "rect": {
                        "x": 83,
                        "y": 25,
                        "width": 42,
                        "height": 18
                      },
                      "placement": "SoleVertical"
                    }
                  }
                ],
                "type": "TableCell",
                ".layout": {
                  "rect": {
                    "x": 75,
                    "y": 17,
                    "width": 58,
                    "height": 34
                  },
                  "placement": "Right"
                }
              }
            ],
            "type": "TableRow",
            ".layout": {
              "rect": {
                "x": 17,
                "y": 17,
                "width": 116,
                "height": 34
              },
              "placement": "Top"
            }
          },
          {
            "cells": [
              {
                "items": [
                  {
                    "type": "TextBlock",
                    "text": "C",
                    ".layout": {
                      "rect": {
                        "x": 25,
                        "y": 60,
                        "width": 42,
                        "height": 18
                      },
                      "placement": "SoleVertical"
                    }
                  }
                ],
                "type": "TableCell",
                ".layout": {
                  "rect": {
                    "x": 17,
                    "y": 52,
                    "width": 58,
                    "height": 34
                  },
                  "placement": "Left"
                }
              },
              {
                "items": [
                  {
                    "type": "TextBlock",
                    "text": "D",
                    ".layout": {
                      "rect": {
                        "x": 83,
                        "y": 60,
                        "width": 42,
                        "height": 18
                      },
                      "placement": "SoleVertical"
                    }
                  }
                ],
                "style": "accent",
                "type": "TableCell",
                ".layout": {
                  "rect": {
                    "x": 75,
                    "y": 52,
                    "width": 58,
                    "height": 34
                  },
                  "placement": "Right"
                }
              }
            ],
            "type": "TableRow",
            ".layout": {
              "rect": {
                "x": 17,
                "y": 52,
                "width": 116,
                "height": 34
              },
              "placement": "Bottom"
            }
          }
        ],
        ".layout": {
          "rect": {
            "x": 16,
            "y": 16,
            "width": 118,
            "height": 71
          },
          "placement": "Top"
        }
      },
      {
        "type": "Table",
        "firstRowAsHeader": false,
        "rows": [
          {
            "cells": [
              {
                "items": [
                  {
                    "type": "TextBlock",
                    "text": "A",
                    ".layout": {
                      "rect": {
                        "x": 25,
                        "y": 108,
                        "width": 42,
                        "height": 18
                      },
                      "placement": "SoleVertical"
                    }
                  }
                ],
                "type": "TableCell",
                ".layout": {
                  "rect": {
                    "x": 17,
                    "y": 100,
                    "width": 58,
                    "height": 34
                  },
                  "placement": "Left"
                }
              },
              {
                "items": [
                  {
                    "type": "TextBlock",
                    "text": "B",
                    ".layout": {
                      "rect": {
                        "x": 83,
                        "y": 108,
                        "width": 42,
                        "height": 18
                      },
                      "placement": "SoleVertical"
                    }
                  }
                ],
                "type": "TableCell",
                ".layout": {
                  "rect": {
                    "x": 75,
                    "y": 100,
                    "width": 58,
                    "height": 34
                  },
                  "placement": "Right"
                }
              }
            ],
            "type": "TableRow",
            ".layout": {
              "rect": {
                "x": 17,
                "y": 100,
                "width": 116,
                "height": 34
              },
              "placement": "Top"
            }
          },
          {
            "cells": [
              {
                "items": [
                  {
                    "type": "TextBlock",
                    "text": "C",
                    ".layout": {
                      "rect": {
                        "x": 25,
                        "y": 143,
                        "width": 42,
                        "height": 18
                      },
                      "placement": "SoleVertical"
                    }
                  }
                ],
                "type": "TableCell",
                ".layout": {
                  "rect": {
                    "x": 17,
                    "y": 135,
                    "width": 58,
                    "height": 34
                  },
                  "placement": "Left"
                }
              },
              {
                "items": [
                  {
                    "type": "TextBlock",
                    "text": "D",
                    ".layout": {
                      "rect": {
                        "x": 83,
                        "y": 143,
                        "width": 42,
                        "height": 18
                      },
                      "placement": "SoleVertical"
                    }
                  }
                ],
                "style": "accent",
                "type": "TableCell",
                ".layout": {
                  "rect": {
                    "x": 75,
                    "y": 135,
                    "width": 58,
                    "height": 34
                  },
                  "placement": "Right"
                }
              }
            ],
            "type": "TableRow",
            ".layout": {
              "rect": {
                "x": 17,
                "y": 135,
                "width": 116,
                "height": 34
              },
              "placement": "Bottom"
            }
          }
        ],
        ".layout": {
          "rect": {
            "x": 16,
            "y": 99,
            "width": 118,
            "height": 71
          },
          "placement": "Bottom"
        }
      }
    ],
    "version": "1.6",
    "type": "AdaptiveCard",
    ".layout": {
      "rect": {
        "x": 0,
        "y": 0,
        "width": 150,
        "height": 200
      }
    }
  },
  "debug_lines": [
    "TREE",
    "└──  FLEX COL [x: 0    y: 0    w: 150  h: 200  content_w: 150  content_h: 186  border: l:0 r:0 t:0 b:0, padding: l:16 r:16 t:16 b:16] (NodeId(4294967326))",
    "    ├──  FLEX COL [x: 16   y: 16   w: 118  h: 71   content_w: 118  content_h: 71   border: l:0 r:0 t:0 b:0, padding: l:1 r:1 t:1 b:1] (NodeId(4294967310))",
    "    │   ├──  FLEX ROW [x: 1    y: 1    w: 116  h: 34   content_w: 116  content_h: 34   border: l:0 r:0 t:0 b:0, padding: l:0 r:0 t:0 b:0] (NodeId(4294967302))",
    "    │   │   ├──  FLEX COL [x: 0    y: 0    w: 58   h: 34   content_w: 58   content_h: 34   border: l:0 r:0 t:0 b:0, padding: l:8 r:8 t:8 b:8] (NodeId(4294967298))",
    "    │   │   │   └──  LEAF [x: 8    y: 8    w: 42   h: 18   content_w: 9    content_h: 18   border: l:0 r:0 t:0 b:0, padding: l:0 r:0 t:0 b:0] (NodeId(4294967297))",
    "    │   │   ├──  LEAF [x: 58   y: 0    w: 0    h: 34   content_w: 0    content_h: 0    border: l:0 r:0 t:0 b:0, padding: l:0 r:0 t:0 b:0] (NodeId(4294967299))",
    "    │   │   └──  FLEX COL [x: 58   y: 0    w: 58   h: 34   content_w: 58   content_h: 34   border: l:0 r:0 t:0 b:0, padding: l:8 r:8 t:8 b:8] (NodeId(4294967301))",
    "    │   │       └──  LEAF [x: 8    y: 8    w: 42   h: 18   content_w: 9    content_h: 18   border: l:0 r:0 t:0 b:0, padding: l:0 r:0 t:0 b:0] (NodeId(4294967300))",
    "    │   ├──  LEAF [x: 1    y: 35   w: 116  h: 1    content_w: 0    content_h: 0    border: l:0 r:0 t:0 b:0, padding: l:0 r:0 t:0 b:0] (NodeId(4294967303))",
    "    │   └──  FLEX ROW [x: 1    y: 36   w: 116  h: 34   content_w: 116  content_h: 34   border: l:0 r:0 t:0 b:0, padding: l:0 r:0 t:0 b:0] (NodeId(4294967309))",
    "    │       ├──  FLEX COL [x: 0    y: 0    w: 58   h: 34   content_w: 58   content_h: 34   border: l:0 r:0 t:0 b:0, padding: l:8 r:8 t:8 b:8] (NodeId(4294967305))",
    "    │       │   └──  LEAF [x: 8    y: 8    w: 42   h: 18   content_w: 9    content_h: 18   border: l:0 r:0 t:0 b:0, padding: l:0 r:0 t:0 b:0] (NodeId(4294967304))",
    "    │       ├──  LEAF [x: 58   y: 0    w: 0    h: 34   content_w: 0    content_h: 0    border: l:0 r:0 t:0 b:0, padding: l:0 r:0 t:0 b:0] (NodeId(4294967306))",
    "    │       └──  FLEX COL [x: 58   y: 0    w: 58   h: 34   content_w: 58   content_h: 34   border: l:0 r:0 t:0 b:0, padding: l:8 r:8 t:8 b:8] (NodeId(4294967308))",
    "    │           └──  LEAF [x: 8    y: 8    w: 42   h: 18   content_w: 10   content_h: 18   border: l:0 r:0 t:0 b:0, padding: l:0 r:0 t:0 b:0] (NodeId(4294967307))",
    "    ├──  LEAF [x: 16   y: 87   w: 118  h: 12   content_w: 0    content_h: 0    border: l:0 r:0 t:0 b:0, padding: l:0 r:0 t:0 b:0] (NodeId(4294967311))",
    "    └──  FLEX COL [x: 16   y: 99   w: 118  h: 71   content_w: 118  content_h: 71   border: l:0 r:0 t:0 b:0, padding: l:1 r:1 t:1 b:1] (NodeId(4294967325))",
    "        ├──  FLEX ROW [x: 1    y: 1    w: 116  h: 34   content_w: 116  content_h: 34   border: l:0 r:0 t:0 b:0, padding: l:0 r:0 t:0 b:0] (NodeId(4294967317))",
    "        │   ├──  FLEX COL [x: 0    y: 0    w: 58   h: 34   content_w: 58   content_h: 34   border: l:0 r:0 t:0 b:0, padding: l:8 r:8 t:8 b:8] (NodeId(4294967313))",
    "        │   │   └──  LEAF [x: 8    y: 8    w: 42   h: 18   content_w: 9    content_h: 18   border: l:0 r:0 t:0 b:0, padding: l:0 r:0 t:0 b:0] (NodeId(4294967312))",
    "        │   ├──  LEAF [x: 58   y: 0    w: 0    h: 34   content_w: 0    content_h: 0    border: l:0 r:0 t:0 b:0, padding: l:0 r:0 t:0 b:0] (NodeId(4294967314))",
    "        │   └──  FLEX COL [x: 58   y: 0    w: 58   h: 34   content_w: 58   content_h: 34   border: l:0 r:0 t:0 b:0, padding: l:8 r:8 t:8 b:8] (NodeId(4294967316))",
    "        │       └──  LEAF [x: 8    y: 8    w: 42   h: 18   content_w: 9    content_h: 18   border: l:0 r:0 t:0 b:0, padding: l:0 r:0 t:0 b:0] (NodeId(4294967315))",
    "        ├──  LEAF [x: 1    y: 35   w: 116  h: 1    content_w: 0    content_h: 0    border: l:0 r:0 t:0 b:0, padding: l:0 r:0 t:0 b:0] (NodeId(4294967318))",
    "        └──  FLEX ROW [x: 1    y: 36   w: 116  h: 34   content_w: 116  content_h: 34   border: l:0 r:0 t:0 b:0, padding: l:0 r:0 t:0 b:0] (NodeId(4294967324))",
    "            ├──  FLEX COL [x: 0    y: 0    w: 58   h: 34   content_w: 58   content_h: 34   border: l:0 r:0 t:0 b:0, padding: l:8 r:8 t:8 b:8] (NodeId(4294967320))",
    "            │   └──  LEAF [x: 8    y: 8    w: 42   h: 18   content_w: 9    content_h: 18   border: l:0 r:0 t:0 b:0, padding: l:0 r:0 t:0 b:0] (NodeId(4294967319))",
    "            ├──  LEAF [x: 58   y: 0    w: 0    h: 34   content_w: 0    content_h: 0    border: l:0 r:0 t:0 b:0, padding: l:0 r:0 t:0 b:0] (NodeId(4294967321))",
    "            └──  FLEX COL [x: 58   y: 0    w: 58   h: 34   content_w: 58   content_h: 34   border: l:0 r:0 t:0 b:0, padding: l:8 r:8 t:8 b:8] (NodeId(4294967323))",
    "                └──  LEAF [x: 8    y: 8    w: 42   h: 18   content_w: 10   content_h: 18   border: l:0 r:0 t:0 b:0, padding: l:0 r:0 t:0 b:0] (NodeId(4294967322))"
  ]
}
